display synthetic geometry: sizes=4, dpi=96/120/144/192, negative_origins=true
FAIL display verify:
- All/synthetic-96-0: access DIP/physical conversion mismatch, dip=1196,-1440 168x9, physical=1196,-1440 168x9
- All/synthetic-96-0: panel DIP/physical conversion mismatch, dip=1020,-1440 520x381, physical=1020,-1440 520x381
- All/synthetic-96-0: collapsed DIP/physical conversion mismatch, dip=1196,-1440 168x9, physical=1196,-1440 168x9
- All/synthetic-96-0: access DIP/physical conversion mismatch, dip=1196,-1440 168x9, physical=1196,-1440 168x9
- All/synthetic-96-0: panel DIP/physical conversion mismatch, dip=980,-1440 600x439, physical=980,-1440 600x439
- All/synthetic-96-0: collapsed DIP/physical conversion mismatch, dip=1196,-1440 168x9, physical=1196,-1440 168x9
- All/synthetic-96-0: access DIP/physical conversion mismatch, dip=1196,-1440 168x9, physical=1196,-1440 168x9
- All/synthetic-96-0: panel DIP/physical conversion mismatch, dip=940,-1440 680x497, physical=940,-1440 680x497
- All/synthetic-96-0: collapsed DIP/physical conversion mismatch, dip=1196,-1440 168x9, physical=1196,-1440 168x9
- All/synthetic-96-0: access DIP/physical conversion mismatch, dip=1196,-1440 168x9, physical=1196,-1440 168x9
- All/synthetic-96-0: panel DIP/physical conversion mismatch, dip=890,-1440 780x569, physical=890,-1440 780x569
- All/synthetic-96-0: collapsed DIP/physical conversion mismatch, dip=1196,-1440 168x9, physical=1196,-1440 168x9
- All/synthetic-96--2560: access DIP/physical conversion mismatch, dip=-1364,-1440 168x9, physical=-1364,-1440 168x9
- All/synthetic-96--2560: panel DIP/physical conversion mismatch, dip=-1540,-1440 520x381, physical=-1540,-1440 520x381
- All/synthetic-96--2560: collapsed DIP/physical conversion mismatch, dip=-1364,-1440 168x9, physical=-1364,-1440 168x9
- All/synthetic-96--2560: access DIP/physical conversion mismatch, dip=-1364,-1440 168x9, physical=-1364,-1440 168x9
- All/synthetic-96--2560: panel DIP/physical conversion mismatch, dip=-1580,-1440 600x439, physical=-1580,-1440 600x439
- All/synthetic-96--2560: collapsed DIP/physical conversion mismatch, dip=-1364,-1440 168x9, physical=-1364,-1440 168x9
- All/synthetic-96--2560: access DIP/physical conversion mismatch, dip=-1364,-1440 168x9, physical=-1364,-1440 168x9
- All/synthetic-96--2560: panel DIP/physical conversion mismatch, dip=-1620,-1440 680x497, physical=-1620,-1440 680x497
- All/synthetic-96--2560: collapsed DIP/physical conversion mismatch, dip=-1364,-1440 168x9, physical=-1364,-1440 168x9
- All/synthetic-96--2560: access DIP/physical conversion mismatch, dip=-1364,-1440 168x9, physical=-1364,-1440 168x9
- All/synthetic-96--2560: panel DIP/physical conversion mismatch, dip=-1670,-1440 780x569, physical=-1670,-1440 780x569
- All/synthetic-96--2560: collapsed DIP/physical conversion mismatch, dip=-1364,-1440 168x9, physical=-1364,-1440 168x9
- All/synthetic-120-0: access DIP/physical conversion mismatch, dip=940,-1152 168x8.8, physical=1175,-1440 210x11
- All/synthetic-120-0: panel DIP/physical conversion mismatch, dip=764,-1152 520x380.8, physical=955,-1440 650x476
- All/synthetic-120-0: collapsed DIP/physical conversion mismatch, dip=940,-1152 168x8.8, physical=1175,-1440 210x11
- All/synthetic-120-0: access DIP/physical conversion mismatch, dip=940,-1152 168x8.8, physical=1175,-1440 210x11
- All/synthetic-120-0: panel DIP/physical conversion mismatch, dip=724,-1152 600x439.2, physical=905,-1440 750x549
- All/synthetic-120-0: collapsed DIP/physical conversion mismatch, dip=940,-1152 168x8.8, physical=1175,-1440 210x11
- All/synthetic-120-0: access DIP/physical conversion mismatch, dip=940,-1152 168x8.8, physical=1175,-1440 210x11
- All/synthetic-120-0: panel DIP/physical conversion mismatch, dip=684,-1152 680x496.8, physical=855,-1440 850x621
- All/synthetic-120-0: collapsed DIP/physical conversion mismatch, dip=940,-1152 168x8.8, physical=1175,-1440 210x11
- All/synthetic-120-0: access DIP/physical conversion mismatch, dip=940,-1152 168x8.8, physical=1175,-1440 210x11
- All/synthetic-120-0: panel DIP/physical conversion mismatch, dip=633.6,-1152 780x568.8, physical=792,-1440 975x711
- All/synthetic-120-0: collapsed DIP/physical conversion mismatch, dip=939.2,-1152 168x8.8, physical=1174,-1440 210x11
- All/synthetic-120--2560: access DIP/physical conversion mismatch, dip=-1108,-1152 168x8.8, physical=-1385,-1440 210x11
- All/synthetic-120--2560: panel DIP/physical conversion mismatch, dip=-1284,-1152 520x380.8, physical=-1605,-1440 650x476
- All/synthetic-120--2560: collapsed DIP/physical conversion mismatch, dip=-1108,-1152 168x8.8, physical=-1385,-1440 210x11
- All/synthetic-120--2560: access DIP/physical conversion mismatch, dip=-1108,-1152 168x8.8, physical=-1385,-1440 210x11
- All/synthetic-120--2560: panel DIP/physical conversion mismatch, dip=-1324,-1152 600x439.2, physical=-1655,-1440 750x549
- All/synthetic-120--2560: collapsed DIP/physical conversion mismatch, dip=-1108,-1152 168x8.8, physical=-1385,-1440 210x11
- All/synthetic-120--2560: access DIP/physical conversion mismatch, dip=-1108,-1152 168x8.8, physical=-1385,-1440 210x11
- All/synthetic-120--2560: panel DIP/physical conversion mismatch, dip=-1364,-1152 680x496.8, physical=-1705,-1440 850x621
- All/synthetic-120--2560: collapsed DIP/physical conversion mismatch, dip=-1108,-1152 168x8.8, physical=-1385,-1440 210x11
- All/synthetic-120--2560: access DIP/physical conversion mismatch, dip=-1108,-1152 168x8.8, physical=-1385,-1440 210x11
- All/synthetic-120--2560: panel DIP/physical conversion mismatch, dip=-1414.4,-1152 780x568.8, physical=-1768,-1440 975x711
- All/synthetic-120--2560: collapsed DIP/physical conversion mismatch, dip=-1108.8,-1152 168x8.8, physical=-1386,-1440 210x11
- All/synthetic-144-0: access DIP/physical conversion mismatch, dip=769.333,-960 168x9.333, physical=1154,-1440 252x14
- All/synthetic-144-0: panel DIP/physical conversion mismatch, dip=593.333,-960 520x381.333, physical=890,-1440 780x572
- All/synthetic-144-0: collapsed DIP/physical conversion mismatch, dip=769.333,-960 168x9.333, physical=1154,-1440 252x14
- All/synthetic-144-0: access DIP/physical conversion mismatch, dip=769.333,-960 168x9.333, physical=1154,-1440 252x14
- All/synthetic-144-0: panel DIP/physical conversion mismatch, dip=553.333,-960 600x439.333, physical=830,-1440 900x659
- All/synthetic-144-0: collapsed DIP/physical conversion mismatch, dip=769.333,-960 168x9.333, physical=1154,-1440 252x14
- All/synthetic-144-0: access DIP/physical conversion mismatch, dip=769.333,-960 168x9.333, physical=1154,-1440 252x14
- All/synthetic-144-0: panel DIP/physical conversion mismatch, dip=513.333,-960 680x497.333, physical=770,-1440 1020x746
- All/synthetic-144-0: collapsed DIP/physical conversion mismatch, dip=769.333,-960 168x9.333, physical=1154,-1440 252x14
- All/synthetic-144-0: access DIP/physical conversion mismatch, dip=769.333,-960 168x9.333, physical=1154,-1440 252x14
- All/synthetic-144-0: panel DIP/physical conversion mismatch, dip=463.333,-960 780x569.333, physical=695,-1440 1170x854
- All/synthetic-144-0: collapsed DIP/physical conversion mismatch, dip=769.333,-960 168x9.333, physical=1154,-1440 252x14
- All/synthetic-144--2560: access DIP/physical conversion mismatch, dip=-937.333,-960 168x9.333, physical=-1406,-1440 252x14
- All/synthetic-144--2560: panel DIP/physical conversion mismatch, dip=-1113.333,-960 520x381.333, physical=-1670,-1440 780x572
- All/synthetic-144--2560: collapsed DIP/physical conversion mismatch, dip=-937.333,-960 168x9.333, physical=-1406,-1440 252x14
- All/synthetic-144--2560: access DIP/physical conversion mismatch, dip=-937.333,-960 168x9.333, physical=-1406,-1440 252x14
- All/synthetic-144--2560: panel DIP/physical conversion mismatch, dip=-1153.333,-960 600x439.333, physical=-1730,-1440 900x659
- All/synthetic-144--2560: collapsed DIP/physical conversion mismatch, dip=-937.333,-960 168x9.333, physical=-1406,-1440 252x14
- All/synthetic-144--2560: access DIP/physical conversion mismatch, dip=-937.333,-960 168x9.333, physical=-1406,-1440 252x14
- All/synthetic-144--2560: panel DIP/physical conversion mismatch, dip=-1193.333,-960 680x497.333, physical=-1790,-1440 1020x746
- All/synthetic-144--2560: collapsed DIP/physical conversion mismatch, dip=-937.333,-960 168x9.333, physical=-1406,-1440 252x14
- All/synthetic-144--2560: access DIP/physical conversion mismatch, dip=-937.333,-960 168x9.333, physical=-1406,-1440 252x14
- All/synthetic-144--2560: panel DIP/physical conversion mismatch, dip=-1243.333,-960 780x569.333, physical=-1865,-1440 1170x854
- All/synthetic-144--2560: collapsed DIP/physical conversion mismatch, dip=-937.333,-960 168x9.333, physical=-1406,-1440 252x14
- All/synthetic-192-0: access DIP/physical conversion mismatch, dip=556,-720 168x9, physical=1112,-1440 336x18
- All/synthetic-192-0: panel DIP/physical conversion mismatch, dip=380,-720 520x381, physical=760,-1440 1040x762
- All/synthetic-192-0: collapsed DIP/physical conversion mismatch, dip=556,-720 168x9, physical=1112,-1440 336x18
- All/synthetic-192-0: access DIP/physical conversion mismatch, dip=556,-720 168x9, physical=1112,-1440 336x18
- All/synthetic-192-0: panel DIP/physical conversion mismatch, dip=340,-720 600x439, physical=680,-1440 1200x878
- All/synthetic-192-0: collapsed DIP/physical conversion mismatch, dip=556,-720 168x9, physical=1112,-1440 336x18
- All/synthetic-192-0: access DIP/physical conversion mismatch, dip=556,-720 168x9, physical=1112,-1440 336x18
- All/synthetic-192-0: panel DIP/physical conversion mismatch, dip=300,-720 680x497, physical=600,-1440 1360x994
- All/synthetic-192-0: collapsed DIP/physical conversion mismatch, dip=556,-720 168x9, physical=1112,-1440 336x18
- All/synthetic-192-0: access DIP/physical conversion mismatch, dip=556,-720 168x9, physical=1112,-1440 336x18
- All/synthetic-192-0: panel DIP/physical conversion mismatch, dip=250,-720 780x569, physical=500,-1440 1560x1138
- All/synthetic-192-0: collapsed DIP/physical conversion mismatch, dip=556,-720 168x9, physical=1112,-1440 336x18
- All/synthetic-192--2560: access DIP/physical conversion mismatch, dip=-724,-720 168x9, physical=-1448,-1440 336x18
- All/synthetic-192--2560: panel DIP/physical conversion mismatch, dip=-900,-720 520x381, physical=-1800,-1440 1040x762
- All/synthetic-192--2560: collapsed DIP/physical conversion mismatch, dip=-724,-720 168x9, physical=-1448,-1440 336x18
- All/synthetic-192--2560: access DIP/physical conversion mismatch, dip=-724,-720 168x9, physical=-1448,-1440 336x18
- All/synthetic-192--2560: panel DIP/physical conversion mismatch, dip=-940,-720 600x439, physical=-1880,-1440 1200x878
- All/synthetic-192--2560: collapsed DIP/physical conversion mismatch, dip=-724,-720 168x9, physical=-1448,-1440 336x18
- All/synthetic-192--2560: access DIP/physical conversion mismatch, dip=-724,-720 168x9, physical=-1448,-1440 336x18
- All/synthetic-192--2560: panel DIP/physical conversion mismatch, dip=-980,-720 680x497, physical=-1960,-1440 1360x994
- All/synthetic-192--2560: collapsed DIP/physical conversion mismatch, dip=-724,-720 168x9, physical=-1448,-1440 336x18
- All/synthetic-192--2560: access DIP/physical conversion mismatch, dip=-724,-720 168x9, physical=-1448,-1440 336x18
- All/synthetic-192--2560: panel DIP/physical conversion mismatch, dip=-1030,-720 780x569, physical=-2060,-1440 1560x1138
- All/synthetic-192--2560: collapsed DIP/physical conversion mismatch, dip=-724,-720 168x9, physical=-1448,-1440 336x18
