UI verify: WebView2 host + bridge + provider registry + settings
PASS top-entry peek: size=small, wide=True, hidden=true, direct_top_open=true, direct_dispatch_ms=25.9, animating_entry_open=true, expanded_proximity=true, proximity_only=true, hover_open=true, leave_hide=true, idle=true
PASS top-entry peek: size=small, wide=False, hidden=true, direct_top_open=true, direct_dispatch_ms=29.9, animating_entry_open=true, expanded_proximity=true, proximity_only=true, hover_open=true, leave_hide=true, idle=true
PASS top-entry peek: size=medium, wide=True, hidden=true, direct_top_open=true, direct_dispatch_ms=31.8, animating_entry_open=true, expanded_proximity=true, proximity_only=true, hover_open=true, leave_hide=true, idle=true
PASS top-entry peek: size=medium, wide=False, hidden=true, direct_top_open=true, direct_dispatch_ms=35.9, animating_entry_open=true, expanded_proximity=true, proximity_only=true, hover_open=true, leave_hide=true, idle=true
PASS top-entry peek: size=large, wide=True, hidden=true, direct_top_open=true, direct_dispatch_ms=25.3, animating_entry_open=true, expanded_proximity=true, proximity_only=true, hover_open=true, leave_hide=true, idle=true
PASS top-entry peek: size=large, wide=False, hidden=true, direct_top_open=true, direct_dispatch_ms=24.5, animating_entry_open=true, expanded_proximity=true, proximity_only=true, hover_open=true, leave_hide=true, idle=true
PASS top-entry peek: size=extraLarge, wide=True, hidden=true, direct_top_open=true, direct_dispatch_ms=28.7, animating_entry_open=true, expanded_proximity=true, proximity_only=true, hover_open=true, leave_hide=true, idle=true
PASS top-entry peek: size=extraLarge, wide=False, hidden=true, direct_top_open=true, direct_dispatch_ms=28.1, animating_entry_open=true, expanded_proximity=true, proximity_only=true, hover_open=true, leave_hide=true, idle=true
PASS top-entry peek: pass-through/reentry=true, hidden_native_repair=true, reduce_motion=true, always_visible_restored=true
PASS liquid geometry: shapes=1616, refresh_rate=60/120, top_gap=0, closed_protrusions=0
native screen capture: native-small-preserveMenu.png, 780x572
PASS liquid native: size=small, mode=preserveMenu, top_gap=0, stationary_hover=300, reversal=true, idle=true
native screen capture: native-small-coverMenu.png, 780x572
PASS liquid native: size=small, mode=coverMenu, top_gap=0, stationary_hover=300, reversal=true, idle=true
native screen capture: native-medium-preserveMenu.png, 900x659
liquid idle CPU: mode=preserveMenu, main_one_core_percent=6.77, browser_one_core_percent=0.00, seconds=3.0, spring_loop=false; renderer/GPU excluded
PASS liquid native: size=medium, mode=preserveMenu, top_gap=0, stationary_hover=300, reversal=true, idle=true
native screen capture: native-medium-coverMenu.png, 900x659
liquid idle CPU: mode=coverMenu, main_one_core_percent=6.77, browser_one_core_percent=0.52, seconds=3.0, spring_loop=false; renderer/GPU excluded
PASS liquid native: size=medium, mode=coverMenu, top_gap=0, stationary_hover=300, reversal=true, idle=true
native screen capture: native-large-preserveMenu.png, 1020x746
PASS liquid native: size=large, mode=preserveMenu, top_gap=0, stationary_hover=300, reversal=true, idle=true
native screen capture: native-large-coverMenu.png, 1020x746
PASS liquid native: size=large, mode=coverMenu, top_gap=0, stationary_hover=300, reversal=true, idle=true
native screen capture: native-extraLarge-preserveMenu.png, 1170x854
PASS liquid native: size=extraLarge, mode=preserveMenu, top_gap=0, stationary_hover=300, reversal=true, idle=true
native screen capture: native-extraLarge-coverMenu.png, 1170x854
