pocket_surface_verify=ok
pocket_surface_valid_nodes=6
pocket_surface_negative_cases=15
pocket_surface_render_digest=sha256:6e3ac77b36cc0aeb3f93e1cf6350b0ef134bc2757f7888ee3687e0aa1058dba1
POCKET_PACKAGE_CASE_BEGIN valid_package
pocket_app_manifest_digest=sha256:e9c369e0b52620d95c14baa2e04070535a1f21020308090f0467eed8cf4f04df
POCKET_PACKAGE_CASE_END valid_package
POCKET_PACKAGE_CASE_BEGIN package_resource_digest
POCKET_PACKAGE_CASE_END package_resource_digest
POCKET_PACKAGE_CASE_BEGIN surface_dollar_literal
POCKET_PACKAGE_CASE_END surface_dollar_literal
pocket_app_bundled_manifest_digest=sha256:e9c369e0b52620d95c14baa2e04070535a1f21020308090f0467eed8cf4f04df
POCKET_PACKAGE_CASE_BEGIN unlisted_file
POCKET_PACKAGE_CASE_END unlisted_file
POCKET_PACKAGE_CASE_BEGIN hidden_unlisted_file
POCKET_PACKAGE_CASE_END hidden_unlisted_file
POCKET_PACKAGE_CASE_BEGIN missing_file
POCKET_PACKAGE_CASE_END missing_file
POCKET_PACKAGE_CASE_BEGIN oversized_file
POCKET_PACKAGE_CASE_END oversized_file
POCKET_PACKAGE_CASE_BEGIN unknown_capability
POCKET_PACKAGE_CASE_END unknown_capability
POCKET_PACKAGE_CASE_BEGIN path_traversal
POCKET_PACKAGE_CASE_END path_traversal
POCKET_PACKAGE_CASE_BEGIN cyclic_or_forward_dependency
POCKET_PACKAGE_CASE_END cyclic_or_forward_dependency
POCKET_PACKAGE_CASE_BEGIN unbounded_workflow
POCKET_PACKAGE_CASE_END unbounded_workflow
POCKET_PACKAGE_CASE_BEGIN unsupported_workflow_presentation
POCKET_PACKAGE_CASE_END unsupported_workflow_presentation
POCKET_PACKAGE_CASE_BEGIN unbound_surface_input
POCKET_PACKAGE_CASE_END unbound_surface_input
POCKET_PACKAGE_CASE_BEGIN surface_input_type_mismatch
POCKET_PACKAGE_CASE_END surface_input_type_mismatch
POCKET_PACKAGE_CASE_BEGIN state_workflow_type_mismatch
POCKET_PACKAGE_CASE_END state_workflow_type_mismatch
POCKET_PACKAGE_CASE_BEGIN conflicting_picker_domain
POCKET_PACKAGE_CASE_END conflicting_picker_domain
POCKET_PACKAGE_CASE_BEGIN workflow_input_bound_only_on_unreachable_surface
POCKET_PACKAGE_CASE_END workflow_input_bound_only_on_unreachable_surface
POCKET_PACKAGE_CASE_BEGIN unsupported_surface_query_shape
POCKET_PACKAGE_CASE_END unsupported_surface_query_shape
POCKET_PACKAGE_CASE_BEGIN unsupported_test_case
POCKET_PACKAGE_CASE_END unsupported_test_case
POCKET_PACKAGE_CASE_BEGIN deep_empty_directories
POCKET_PACKAGE_CASE_END deep_empty_directories
POCKET_PACKAGE_CASE_BEGIN excess_empty_directories
POCKET_PACKAGE_CASE_END excess_empty_directories
POCKET_PACKAGE_CASE_BEGIN lifecycle_positive
POCKET_PACKAGE_CASE_END lifecycle_positive
POCKET_PACKAGE_CASE_BEGIN lifecycle_negative
POCKET_PACKAGE_CASE_END lifecycle_negative
POCKET_PACKAGE_CASE_BEGIN lifecycle_state_binding
POCKET_PACKAGE_CASE_END lifecycle_state_binding
POCKET_PACKAGE_CASE_BEGIN lifecycle_concurrency
POCKET_PACKAGE_CASE_END lifecycle_concurrency
POCKET_PACKAGE_CASE_BEGIN lifecycle_large_version
POCKET_PACKAGE_CASE_END lifecycle_large_version
POCKET_PACKAGE_CASE_BEGIN lifecycle_case_distinct_version
POCKET_PACKAGE_CASE_END lifecycle_case_distinct_version
POCKET_PACKAGE_CASE_BEGIN lifecycle_test_gate
POCKET_PACKAGE_CASE_END lifecycle_test_gate
POCKET_PACKAGE_CASE_BEGIN lifecycle_host_version
POCKET_PACKAGE_CASE_END lifecycle_host_version
pocket_app_capability_migration_verify=ok
POCKET_GENERATION_CASE_BEGIN runtime-activation
POCKET_GENERATION_CASE_END runtime-activation
POCKET_GENERATION_CASE_BEGIN e2e
POCKET_GENERATION_CASE_END e2e
POCKET_GENERATION_CASE_BEGIN credential-broker
CREDENTIAL_BROKER_CASE_BEGIN lease
CREDENTIAL_BROKER_CASE_END lease
CREDENTIAL_BROKER_CASE_BEGIN named-pipe
CREDENTIAL_BROKER_CASE_END named-pipe
CREDENTIAL_BROKER_CASE_BEGIN wrong-capability
CREDENTIAL_BROKER_CASE_END wrong-capability
CREDENTIAL_BROKER_CASE_BEGIN foreign-peer
CREDENTIAL_BROKER_CASE_END foreign-peer
CREDENTIAL_BROKER_CASE_BEGIN unauthorized-peer
CREDENTIAL_BROKER_CASE_END unauthorized-peer
CREDENTIAL_BROKER_CASE_BEGIN helper
CREDENTIAL_BROKER_HELPER_LAUNCH_MODE apphost
CREDENTIAL_BROKER_CASE_END helper
CREDENTIAL_BROKER_CASE_BEGIN generation-parent-chain
CREDENTIAL_BROKER_CASE_END generation-parent-chain
CREDENTIAL_BROKER_CASE_BEGIN same-binary-wrong-pid
CREDENTIAL_BROKER_HELPER_LAUNCH_MODE apphost
CREDENTIAL_BROKER_CASE_END same-binary-wrong-pid
CREDENTIAL_BROKER_CASE_BEGIN wrong-server-pid
CREDENTIAL_BROKER_CASE_END wrong-server-pid
POCKET_GENERATION_CASE_END credential-broker
POCKET_GENERATION_CASE_BEGIN sandbox-readiness
POCKET_GENERATION_CASE_END sandbox-readiness
POCKET_GENERATION_CASE_BEGIN settings-approval
POCKET_GENERATION_CASE_END settings-approval
POCKET_GENERATION_CASE_BEGIN preview-only
POCKET_GENERATION_CASE_END preview-only
POCKET_GENERATION_CASE_BEGIN failed-activation-refresh
POCKET_GENERATION_CASE_END failed-activation-refresh
POCKET_GENERATION_CASE_BEGIN committed-receipt
POCKET_GENERATION_CASE_END committed-receipt
POCKET_GENERATION_CASE_BEGIN pending-proposal
POCKET_GENERATION_CASE_END pending-proposal
POCKET_GENERATION_CASE_BEGIN deactivate-flush
POCKET_GENERATION_CASE_END deactivate-flush
POCKET_GENERATION_CASE_END approval-text
pocket_app_package_verify=ok
pocket_app_package_valid_files=9
pocket_app_package_bundled=ok
pocket_app_package_negative_cases=17
pocket_app_lifecycle_verify=ok
pocket_app_generation_verify=ok
pocket_app_workspace_backup_verify=ok
pocket_app_health_verify=ok
pocket_app_runtime_activation_verify=ok
