shell stage: VerifySecondInstanceAsync
shell stage: VerifyPollingOnlyOpenAsync
shell stage: VerifyAccessSurfaceHealthRecoveryAsync
shell stage: VerifyPanelHealthRecoveryAsync
shell stage: VerifyUnrecoverableWindowRecreationAsync
shell stage: VerifyStagedRecoverySchedulerAsync
shell stage: VerifyPanelPositionStableWhilePointerMovesAsync
shell stage: VerifyPointerOutsideClosesPanelAsync
shell stage: VerifyLiquidCloseAsync
PASS liquid geometry: shapes=1616, refresh_rate=60/120, top_gap=0, closed_protrusions=0
PASS liquid native: size=small, mode=preserveMenu, top_gap=0, stationary_hover=300, reversal=true, idle=true
PASS liquid native: size=small, mode=coverMenu, top_gap=0, stationary_hover=300, reversal=true, idle=true
PASS liquid native: size=medium, mode=preserveMenu, top_gap=0, stationary_hover=300, reversal=true, idle=true
PASS liquid native: size=medium, mode=coverMenu, top_gap=0, stationary_hover=300, reversal=true, idle=true
PASS liquid native: size=large, mode=preserveMenu, top_gap=0, stationary_hover=300, reversal=true, idle=true
PASS liquid native: size=large, mode=coverMenu, top_gap=0, stationary_hover=300, reversal=true, idle=true
PASS liquid native: size=extraLarge, mode=preserveMenu, top_gap=0, stationary_hover=300, reversal=true, idle=true
PASS liquid native: size=extraLarge, mode=coverMenu, top_gap=0, stationary_hover=300, reversal=true, idle=true
PASS liquid native: reentry_reversals=30, automatic_manual_preserved=true, reduce_motion=true
PASS shell verify: windows=12, cycles=100, stable_position=true, outside_close=true, liquid_close=true, polling_open=true, health_repair=true, window_recreate=true, staged_recovery=true, animation_frames=18, animation_max_gap_ms=19.0
