UI verify: WebView2 host + bridge + provider registry + settings
PASS cold top-edge open: panel_visible_before_webview_ready=true, dispatch_ms=45.5
PASS library capture icons: screenshot and recording reach native actions without settings dispatch
PASS preview animation: native content resizes=1 (bounded per destination)
PASS stalled WebView capture: bounded recovery, live panel restored, late stream remains writable
PASS asset selection: {"checks":["library toolbar no longer shows folder import button","format and sort options have opaque dark backgrounds and readable text","format selector filters the full library","sort key and direction reach the library query","thumbnail bar resizes cards while preserving selection","thumbnail slider keeps native keyboard controls","toolbar fits narrow panels","video icon directly dispatches recording","single folder capture handoff","multiple folders do not choose an arbitrary capture target","root capture clears destination","bulk actions wait for selection validation","hidden nonmatching selection removed from bulk mutation","selection actions stay hidden and counts live in the bottom footer","right-click preserves multiple selection and keeps the menu within the viewport","context copy acts on the preserved selection and closes the menu","right-click on an unselected card targets only that card","Escape cancels the context menu","clicking outside dismisses the context menu","hover star favorites only its own card without changing selection or opening preview","favorite star can remove the favorite again","Shift selects the inclusive range","Shift can shrink the same anchored range","Ctrl+Shift adds a range to the selection","blank-space drag selects intersecting cards and removes the rectangle","Shift range includes unloaded virtual pages","fixture reached another virtual page","matching off-page selection retained","failed match cannot keep a hidden mutation target","Delete in a search field does not trash selected assets","Delete trashes multiple selected assets once while update is pending","Delete inside trash never permanently deletes originals","selection resize preserves native double-click targets","filename double-click edits the name and preserves extension selection","cancelled rename leaves metadata unchanged","filename rename updates only the clicked asset","Space autorepeat opens only once and stays open","image preview exposes annotation editor","preview editor uses selected asset ID","Space autorepeat closes once without reopening","double click opens image preview","preview hides search/import toolbar","preview image double-click restores list and toolbar","drag reveals a trash target for selected media","sidebar exposes clipped native folder and unfiled drop targets","drop archives only the dragged IDs, cleans target and shows undo feedback","folder drag supplies only its source membership","DOM folder hover accepts a move and highlights its destination","hover without an actual drop never moves assets","DOM folder drop commits the destination when native drag reports no target","trash drag requests restore into a folder without removing previous memberships","capture menu dispatches audio recording without a screen capture","Windows voice showAsset resolves metadata and opens the shared preview","audio preview requires explicit playback","closing audio preview releases its media source"],"ok":true}
MEASURE native click: target=.assets-format, right=False, visible=10,103,120.33333587646484,30, ratio=1
MEASURE native click: target=.assets-sort-by, right=False, visible=136.33334350585938,103,131.6666717529297,30, ratio=1
MEASURE native click: target=[data-asset-id='4daae189-4c06-4b89-95c2-9813597b45aa'] .assets-card-favorite, right=False, visible=113.33333587646484,161.33334350585938,28,28, ratio=1
MEASURE native click: target=[data-asset-id='4daae189-4c06-4b89-95c2-9813597b45aa'] .assets-card-favorite, right=False, visible=113.33333587646484,161.33334350585938,28,28, ratio=1
MEASURE native click: target=[data-asset-id='4daae189-4c06-4b89-95c2-9813597b45aa'], right=True, visible=8,154.6666717529297,140,144, ratio=1
PASS native library controls: hover star toggles and restores favorite, right-click opens menu, Escape closes, footer count and compact header verified
MEASURE native click: target=[data-size-id='small'], right=False, visible=59.79166793823242,15.666666984558105,25,22, ratio=1
MEASURE native click: target=[data-size-id='medium'], right=False, visible=86.79167175292969,15.666666984558105,25,22, ratio=1
MEASURE native click: target=[data-refresh], right=False, visible=748,12.666666984558105,28,28, ratio=1
PASS inline header: original header visible above editor, native size/refresh clicks, editing and bounds preserved
PASS inline library editor: same window/bounds, focus pin, native annotations, failed save retained/retried, new asset and original byte readback
PASS inline cancel: preview restored without creating an asset
MEASURE after inline edit: visible=True, expected=True, reveal=1, keyboard=False
PASS native drag: outside target preserves item, bottom target archives, undo restores identical original bytes
MEASURE native click: target=[data-asset-id='4daae189-4c06-4b89-95c2-9813597b45aa'], right=False, visible=8,154.6666717529297,140,144, ratio=1
PASS native Delete/Ctrl+Z: selected image moved to library trash and restored, original bytes preserved
PASS organizer native drag: outside target unchanged, DOM trash target archives, undo restores original bytes
PASS native sidebar: folder-to-folder move and Undo, trash-to-folder restores former memberships and adds destination
PASS organizer inline edit/cancel: same window/bounds, preview restored, no new asset
PASS assets: durable import, PNG alpha, PDF mixed/1000 lazy pages/isolated worker restart, corrupt/protected originals, virtual cards, native resize/fullscreen/hover exit/focus dismissal, capture timeout recovery, uninterrupted timer, drag preparation, resource lease, organizer, empty folder drop, temporary selection, OS recycle (video fixture absent)
liquid stationary work: repeated_placements=100, native_updates=0, placement_ms=0.02, outside_hit_tests=10000, hit_ms=7.45, allocated_bytes=0
PASS top-entry peek: size=small, wide=True, hidden=true, direct_top_open=true, direct_dispatch_ms=33.8, animating_entry_open=true, expanded_proximity=true, proximity_only=true, hover_open=true, leave_hide=true, idle=true
PASS top-entry peek: size=small, wide=False, hidden=true, direct_top_open=true, direct_dispatch_ms=31.8, animating_entry_open=true, expanded_proximity=true, proximity_only=true, hover_open=true, leave_hide=true, idle=true
PASS top-entry peek: size=medium, wide=True, hidden=true, direct_top_open=true, direct_dispatch_ms=24.5, animating_entry_open=true, expanded_proximity=true, proximity_only=true, hover_open=true, leave_hide=true, idle=true
PASS top-entry peek: size=medium, wide=False, hidden=true, direct_top_open=true, direct_dispatch_ms=24.6, animating_entry_open=true, expanded_proximity=true, proximity_only=true, hover_open=true, leave_hide=true, idle=true
PASS top-entry peek: size=large, wide=True, hidden=true, direct_top_open=true, direct_dispatch_ms=54.3, animating_entry_open=true, expanded_proximity=true, proximity_only=true, hover_open=true, leave_hide=true, idle=true
PASS top-entry peek: size=large, wide=False, hidden=true, direct_top_open=true, direct_dispatch_ms=28.4, animating_entry_open=true, expanded_proximity=true, proximity_only=true, hover_open=true, leave_hide=true, idle=true
PASS top-entry peek: size=extraLarge, wide=True, hidden=true, direct_top_open=true, direct_dispatch_ms=37.0, animating_entry_open=true, expanded_proximity=true, proximity_only=true, hover_open=true, leave_hide=true, idle=true
PASS top-entry peek: size=extraLarge, wide=False, hidden=true, direct_top_open=true, direct_dispatch_ms=26.5, animating_entry_open=true, expanded_proximity=true, proximity_only=true, hover_open=true, leave_hide=true, idle=true
PASS top-entry peek: pass-through/reentry=true, hidden_native_repair=true, reduce_motion=true, always_visible_restored=true
PASS liquid spring reversal: refresh_rate=60/120, position_and_velocity_preserved=true, settled_open=true
PASS liquid geometry: shapes=1616, refresh_rate=60/120, top_gap=0, closed_protrusions=0
PASS liquid hit-test boundaries: comparisons=19440, tolerance=0/4/8, partial_shapes=true
native screen capture: native-small-preserveMenu.png, 780x695, media_redacted=1
PASS liquid native: size=small, mode=preserveMenu, top_gap=0, stationary_hover=300, reversal=True, system_reduce_motion=False, idle=true
native screen capture: native-small-coverMenu.png, 780x695, media_redacted=1
PASS liquid native: size=small, mode=coverMenu, top_gap=0, stationary_hover=300, reversal=True, system_reduce_motion=False, idle=true
native screen capture: native-medium-preserveMenu.png, 900x782, media_redacted=1
liquid idle CPU: mode=preserveMenu, main_one_core_percent=0.52, browser_one_core_percent=0.00, seconds=3.0, spring_loop=false; renderer/GPU excluded
PASS liquid native: size=medium, mode=preserveMenu, top_gap=0, stationary_hover=300, reversal=True, system_reduce_motion=False, idle=true
native screen capture: native-medium-coverMenu.png, 900x782, media_redacted=1
liquid idle CPU: mode=coverMenu, main_one_core_percent=0.00, browser_one_core_percent=0.00, seconds=3.0, spring_loop=false; renderer/GPU excluded
PASS liquid native: size=medium, mode=coverMenu, top_gap=0, stationary_hover=300, reversal=True, system_reduce_motion=False, idle=true
native screen capture: native-large-preserveMenu.png, 1020x869, media_redacted=1
PASS liquid native: size=large, mode=preserveMenu, top_gap=0, stationary_hover=300, reversal=True, system_reduce_motion=False, idle=true
native screen capture: native-large-coverMenu.png, 1020x869, media_redacted=1
PASS liquid native: size=large, mode=coverMenu, top_gap=0, stationary_hover=300, reversal=True, system_reduce_motion=False, idle=true
native screen capture: native-extraLarge-preserveMenu.png, 1170x977, media_redacted=1
PASS liquid native: size=extraLarge, mode=preserveMenu, top_gap=0, stationary_hover=300, reversal=True, system_reduce_motion=False, idle=true
native screen capture: native-extraLarge-coverMenu.png, 1170x977, media_redacted=1
PASS liquid native: size=extraLarge, mode=coverMenu, top_gap=0, stationary_hover=300, reversal=True, system_reduce_motion=False, idle=true
PASS liquid native: reentry_cycles=30, animated_reversals=True, automatic_manual_preserved=true, reduce_motion=true
PASS liquid Settings WebView2: manual buttons, automatic/manual preservation, Reduce Motion controls, bridge readback
PASS ui verify: background bridge delivery, hidden-panel timer alert/reopen, stable Controls refresh, source activation and rate actions, responsive Timer cards/input/stopwatch, media fallback, tabbed centered Clipboard split/full preview/trash actions, Calculator history sidebar, declarative PocketSurface renderer with host-owned approval, draggable stable icons, text scaling/input activation, stable Mac-style calendar editor, bridge/provider/settings round-trip
