sticky_reminders_verify=ok
sticky_reminders_checks=56
sticky_reminders_legacy_decode=ok
sticky_reminders_legacy_read_only=ok
sticky_reminders_set_future=ok
sticky_reminders_legacy_backup_once=ok
sticky_reminders_legacy_backup_exact_bytes=ok
sticky_reminders_ack_null_contract=ok
sticky_reminders_not_due_early=ok
sticky_reminders_due_at_deadline=ok
sticky_reminders_crash_restart_unacknowledged=ok
sticky_reminders_body_edit_preserves=ok
sticky_reminders_capability_edit_preserves=ok
sticky_reminders_v1_upsert_preserves=ok
sticky_reminders_same_deadline_order=ok
sticky_reminders_stale_ack_rejected=ok
sticky_reminders_early_ack_rejected=ok
sticky_reminders_ack_success=ok
sticky_reminders_ack_repeat_noop=ok
sticky_reminders_ack_restart=ok
sticky_reminders_ack_archive_undo_preserves=ok
sticky_reminders_ack_delete_undo_preserves=ok
sticky_reminders_v1_upsert_does_not_rearm=ok
sticky_reminders_edit_does_not_rearm=ok
sticky_reminders_reschedule_rearms=ok
sticky_reminders_clear=ok
sticky_reminders_clear_restart=ok
sticky_reminders_past_rejected=ok
sticky_reminders_present_rejected=ok
sticky_reminders_infinite_rejected=ok
sticky_reminders_timezone_rejected=ok
sticky_reminders_archive_suppresses=ok
sticky_reminders_archive_undo_restores=ok
sticky_reminders_delete_suppresses=ok
sticky_reminders_delete_undo_restores=ok
sticky_reminders_backup_survives_restart=ok
sticky_reminders_backup_not_overwritten=ok
sticky_reminders_failure_fixture_undo=ok
sticky_reminders_failure_reminder_rollback=ok
sticky_reminders_failure_edit_rollback=ok
sticky_reminders_failure_upsert_throws=ok
sticky_reminders_failure_capability_edit_throws=ok
sticky_reminders_failure_ack_throws=ok
sticky_reminders_failure_archive_rollback=ok
sticky_reminders_failure_delete_rollback=ok
sticky_reminders_failure_discard_rollback=ok
sticky_reminders_failure_undo_rollback=ok
sticky_reminders_failure_move_rollback=ok
sticky_reminders_failure_memory_unchanged=ok
sticky_reminders_failure_no_transient_publication=ok
sticky_reminders_failure_error_visible=ok
sticky_reminders_failure_ack_still_due=ok
sticky_reminders_failure_disk_preserved=ok
sticky_reminders_failure_restart_recovery=ok
sticky_reminders_failure_retry_undo=ok
sticky_reminders_failure_retry_ack=ok
sticky_reminders_failure_retry_clears_error=ok
sticky_reminders_failure_retry_restart=ok
