UI verify: WebView2 host + bridge + provider registry + settings
PASS cold top-edge open: panel_visible_before_webview_ready=true, dispatch_ms=34.4
PASS library capture icons: screenshot and recording reach native actions without settings dispatch
PASS preview animation: native content resizes=1 (bounded per destination)
PASS stalled WebView capture: bounded recovery, live panel restored, late stream remains writable
PASS video occlusion/resume and player fullscreen/restore
PASS native video double-click: list restored and player released
PASS asset selection: {"checks":["library toolbar no longer shows folder import button","format and sort options have opaque dark backgrounds and readable text","format selector filters the full library","sort key and direction reach the library query","thumbnail bar resizes cards while preserving selection","thumbnail slider keeps native keyboard controls","toolbar fits narrow panels","video icon directly dispatches recording","single folder capture handoff","multiple folders do not choose an arbitrary capture target","root capture clears destination","bulk actions wait for selection validation","hidden nonmatching selection removed from bulk mutation","selection actions stay hidden and counts live in the bottom footer","right-click preserves multiple selection and keeps the menu within the viewport","context copy acts on the preserved selection and closes the menu","right-click on an unselected card targets only that card","Escape cancels the context menu","clicking outside dismisses the context menu","hover star favorites only its own card without changing selection or opening preview","favorite star can remove the favorite again","Shift selects the inclusive range","Shift can shrink the same anchored range","Ctrl+Shift adds a range to the selection","blank-space drag selects intersecting cards and removes the rectangle","Shift range includes unloaded virtual pages","fixture reached another virtual page","matching off-page selection retained","failed match cannot keep a hidden mutation target","Delete in a search field does not trash selected assets","Delete trashes multiple selected assets once while update is pending","Delete inside trash never permanently deletes originals","selection resize preserves native double-click targets","filename double-click edits the name and preserves extension selection","cancelled rename leaves metadata unchanged","filename rename updates only the clicked asset","Space autorepeat opens only once and stays open","image preview exposes annotation editor","preview editor uses selected asset ID","Space autorepeat closes once without reopening","double click opens image preview","preview hides search/import toolbar","preview image double-click restores list and toolbar","drag reveals a trash target for selected media","drop archives only the dragged IDs, cleans target and shows undo feedback"],"ok":true}
MEASURE native click: target=.assets-format, right=False, visible=10,103,120.33333587646484,30, ratio=1
MEASURE native click: target=.assets-sort-by, right=False, visible=136.33334350585938,103,131.6666717529297,30, ratio=1
MEASURE native click: target=[data-asset-id='13a5be18-39e9-4ff8-801c-16e004647e1d'] .assets-card-favorite, right=False, visible=109.5,313.3333435058594,28,28, ratio=1
MEASURE native click: target=[data-asset-id='13a5be18-39e9-4ff8-801c-16e004647e1d'] .assets-card-favorite, right=False, visible=109.5,313.3333435058594,28,28, ratio=1
MEASURE native click: target=[data-asset-id='13a5be18-39e9-4ff8-801c-16e004647e1d'], right=True, visible=8,256.66668701171875,136.1666717529297,143.99998474121094, ratio=1
PASS native library controls: hover star toggles and restores favorite, right-click opens menu, Escape closes, footer count and compact header verified
MEASURE native click: target=[data-size-id='small'], right=False, visible=59.79166793823242,15.666666984558105,25,22, ratio=1
MEASURE native click: target=[data-size-id='medium'], right=False, visible=86.79167175292969,15.666666984558105,25,22, ratio=1
MEASURE native click: target=[data-refresh], right=False, visible=748,12.666666984558105,28,28, ratio=1
PASS inline header: original header visible above editor, native size/refresh clicks, editing and bounds preserved
PASS inline library editor: same window/bounds, focus pin, native annotations, failed save retained/retried, new asset and original byte readback
PASS inline cancel: preview restored without creating an asset
MEASURE after inline edit: visible=True, expected=True, reveal=1, keyboard=False
PASS native drag: outside target preserves item, bottom target archives, undo restores identical original bytes
MEASURE native click: target=[data-asset-id='13a5be18-39e9-4ff8-801c-16e004647e1d'], right=False, visible=8,154.6666717529297,140,144, ratio=1
PASS native Delete/Ctrl+Z: selected image moved to library trash and restored, original bytes preserved
PASS organizer native drag: outside target unchanged, DOM trash target archives, undo restores original bytes
PASS organizer inline edit/cancel: same window/bounds, preview restored, no new asset
PASS assets: durable import, PNG alpha, PDF mixed/1000 lazy pages/isolated worker restart, corrupt/protected originals, virtual cards, native resize/fullscreen/hover exit/focus dismissal, capture timeout recovery, uninterrupted timer, drag preparation, resource lease, organizer, empty folder drop, temporary selection, OS recycle, H.264 playback/range delivery/single owner
