liquid_opening_origins=ok preserve_above_join=empty preserve_closed_tabs=absent meniscus=connected,seamless cover_origin=notch horizontal_vertical_together=ok
liquid_notch_edge_alignment=ok scales=1,2,3 notch_widths=185,246 sides=left,right
liquid_geometry=ok sizes=4 voice_heights=3 header_heights=2 notch_widths=3 attachment_blends=6 origins=4 samples=101 refresh_rates=60,120
liquid_composition=ok style=preserveMenu webview_hit_tests=visible,hidden,menu
liquid_composition_pixels=ok style=preserveMenu webview_pixels=135862 outside_pixels=0
liquid_composition=ok style=coverMenu webview_hit_tests=visible,hidden,menu
liquid_composition_pixels=ok style=coverMenu webview_pixels=144834 outside_pixels=0
liquid_notch_edge_pixels=ok sides=left,right row=52
liquid_screen_edge=ok control=none style=preserveMenu frames=38 gap_pixels=0 notch_band_pixels=0 clear_band_height_pixels=52 body_width=0...1196 notch_origin=false simultaneous_growth_frames=19 join_seam_pixels=0 join_growth_rows=5
liquid_junction_fixture=ok injected_notch=true notch_width=185 header_height=32 physical_notch_acceptance=false
liquid_screen_edge=ok control=none style=preserveMenu frames=34 gap_pixels=0 notch_band_pixels=0 clear_band_height_pixels=0 body_width=532...1196 notch_origin=false simultaneous_growth_frames=19 join_seam_pixels=0 join_growth_rows=0
liquid_notch_hover=ok style=preserveMenu display=0 held_points=5 checks=150 held_ms_per_point=600 reentry_cancel=ok auto_close=ok notch_click_routing=ok other_display=skipped_single_display
liquid_display_0=ok style=preserveMenu sizes=4 origin=168.0 header=30.0
liquid_screen_edge=ok control=default style=coverMenu frames=48 gap_pixels=2 notch_band_pixels=0 clear_band_height_pixels=0 body_width=404...1031 notch_origin=false simultaneous_growth_frames=28 join_seam_pixels=0 join_growth_rows=0
liquid_notch_origin=skipped reason=no_notch_fade
liquid_screen_edge=ok control=none style=coverMenu frames=37 gap_pixels=0 notch_band_pixels=0 clear_band_height_pixels=0 body_width=406...1031 notch_origin=false simultaneous_growth_frames=27 join_seam_pixels=0 join_growth_rows=0
liquid_notch_hover=ok style=coverMenu display=0 held_points=5 checks=150 held_ms_per_point=600 reentry_cancel=ok auto_close=ok notch_click_routing=ok other_display=skipped_single_display
liquid_display_0=ok style=coverMenu sizes=4 origin=168.0 header=30.0
liquid_attachment=ok live_switches=10 menu_routing=ok access_restored=ok
liquid_automatic_attachment=ok toggles=4 manual_selection=preserved resolved_screen_has_notch=false frame=stable
liquid_interruptions=ok reversals=30 external_drag=ok recovery=ok idle_display_link=stopped
liquid_soak=ok iterations=100 animated_cycles=3 windows=4->4 threads=8->8 peak_threads=8
liquid_motion_verify=ok
